// Jest Snapshot v1, https://goo.gl/fbAQLP

exports[`AppLogo renders correctly 1`] = `
<div>
  <img
    alt="Kangaroo Todo"
    data-nimg="1"
    decoding="async"
    height="181"
    loading="lazy"
    src="/_next/image?url=%2Fimg.jpg&w=384&q=75"
    srcset="/_next/image?url=%2Fimg.jpg&w=256&q=75 1x, /_next/image?url=%2Fimg.jpg&w=384&q=75 2x"
    style="color: transparent;"
    width="181"
  />
</div>
`;
