// Jest Snapshot v1, https://goo.gl/fbAQLP

exports[`AppHeader renders correctly 1`] = `
<div>
  <div
    class="app-header"
  >
    <h1>
      <img
        alt="Kangaroo Todo"
        data-nimg="1"
        decoding="async"
        height="113"
        loading="lazy"
        src="/_next/image?url=%2Fimg.jpg&w=256&q=75"
        srcset="/_next/image?url=%2Fimg.jpg&w=128&q=75 1x, /_next/image?url=%2Fimg.jpg&w=256&q=75 2x"
        style="color: transparent;"
        width="113"
      />
    </h1>
    <img
      alt="Profile"
      data-nimg="1"
      decoding="async"
      height="40"
      loading="lazy"
      src="/_next/image?url=%2Fimg.jpg&w=96&q=75"
      srcset="/_next/image?url=%2Fimg.jpg&w=48&q=75 1x, /_next/image?url=%2Fimg.jpg&w=96&q=75 2x"
      style="color: transparent;"
      width="40"
    />
  </div>
</div>
`;
